{
  "test.reg.<Body Corpus1>": [
    {
      "name": "column 1",
      "value": "NewTrade-expected"
    }
  ]
}